MTRNR2L6
MT-CO3
MTRNR2L11
EEF1A1
UBC
RPL41
PIGR
MTATP6P1
MT-ND6
